==============================================================================
W6: WAITING TIME AS GRADUAL DECAY, AT THE MEASURED NUCLEAR T2
==============================================================================

-- midrange, T2 10 ms (preset)
   budget unlimited | published 12 pairs 54 repeaters, median storage/T2 2.73
     hard gate : 11 published pairs over T2 | plan  3 pairs  7 repeaters
     decay, one pair waits (optimistic): published mean F -> 0.500, 12 pairs fall to F <= 1/2 | plan  2 pairs  4 repeaters
     decay, all pairs wait (pessimistic): published plan mean F 0.785 -> 0.500, 12 pairs fall to F <= 1/2 | decay-aware plan  2 pairs  4 repeaters, 0 rerouted, 2 re-widthed, regret 8.33 bits/pair
   budget        20 | published  7 pairs 18 repeaters, median storage/T2 1.83
     hard gate :  4 published pairs over T2 | plan  3 pairs  7 repeaters
     decay, one pair waits (optimistic): published mean F -> 0.509, 6 pairs fall to F <= 1/2 | plan  2 pairs  4 repeaters
     decay, all pairs wait (pessimistic): published plan mean F 0.811 -> 0.500, 7 pairs fall to F <= 1/2 | decay-aware plan  2 pairs  4 repeaters, 0 rerouted, 2 re-widthed, regret 8.33 bits/pair
   budget        10 | published  5 pairs 10 repeaters, median storage/T2 2.19
     hard gate :  3 published pairs over T2 | plan  3 pairs  7 repeaters
     decay, one pair waits (optimistic): published mean F -> 0.534, 3 pairs fall to F <= 1/2 | plan  2 pairs  4 repeaters
     decay, all pairs wait (pessimistic): published plan mean F 0.850 -> 0.509, 4 pairs fall to F <= 1/2 | decay-aware plan  2 pairs  4 repeaters, 0 rerouted, 1 re-widthed, regret 4.53 bits/pair

-- midrange, T2 112 ms (measured)
   budget unlimited | published 12 pairs 54 repeaters, median storage/T2 0.26
     hard gate :  0 published pairs over T2 | plan 12 pairs 54 repeaters
     decay, one pair waits (optimistic): published mean F -> 0.607, 2 pairs fall to F <= 1/2 | plan  9 pairs 39 repeaters
     decay, all pairs wait (pessimistic): published plan mean F 0.785 -> 0.540, 9 pairs fall to F <= 1/2 | decay-aware plan  4 pairs 11 repeaters, 0 rerouted, 4 re-widthed, regret 4.25 bits/pair
   budget        20 | published  7 pairs 18 repeaters, median storage/T2 0.14
     hard gate :  0 published pairs over T2 | plan  7 pairs 18 repeaters
     decay, one pair waits (optimistic): published mean F -> 0.694, 0 pairs fall to F <= 1/2 | plan  7 pairs 18 repeaters
     decay, all pairs wait (pessimistic): published plan mean F 0.811 -> 0.608, 4 pairs fall to F <= 1/2 | decay-aware plan  4 pairs 11 repeaters, 0 rerouted, 2 re-widthed, regret 2.12 bits/pair
   budget        10 | published  5 pairs 10 repeaters, median storage/T2 0.12
     hard gate :  1 published pairs over T2 | plan  4 pairs  9 repeaters
     decay, one pair waits (optimistic): published mean F -> 0.693, 1 pairs fall to F <= 1/2 | plan  4 pairs  9 repeaters
     decay, all pairs wait (pessimistic): published plan mean F 0.850 -> 0.643, 2 pairs fall to F <= 1/2 | decay-aware plan  3 pairs  7 repeaters, 1 rerouted, 1 re-widthed, regret 1.49 bits/pair

-- projected, T2 100 ms (preset)
   budget unlimited | published 18 pairs 47 repeaters, median storage/T2 0.54
     hard gate :  1 published pairs over T2 | plan 17 pairs 47 repeaters
     decay, one pair waits (optimistic): published mean F -> 0.615, 9 pairs fall to F <= 1/2 | plan 14 pairs 47 repeaters
     decay, all pairs wait (pessimistic): published plan mean F 0.980 -> 0.546, 13 pairs fall to F <= 1/2 | decay-aware plan  6 pairs 20 repeaters, 1 rerouted, 2 re-widthed, regret 2.30 bits/pair
   budget        20 | published 11 pairs 20 repeaters, median storage/T2 0.50
     hard gate :  0 published pairs over T2 | plan 11 pairs 20 repeaters
     decay, one pair waits (optimistic): published mean F -> 0.648, 5 pairs fall to F <= 1/2 | plan  8 pairs 20 repeaters
     decay, all pairs wait (pessimistic): published plan mean F 0.982 -> 0.582, 7 pairs fall to F <= 1/2 | decay-aware plan  6 pairs 20 repeaters, 1 rerouted, 3 re-widthed, regret 3.52 bits/pair
   budget        10 | published  5 pairs 10 repeaters, median storage/T2 0.13
     hard gate :  1 published pairs over T2 | plan  4 pairs  9 repeaters
     decay, one pair waits (optimistic): published mean F -> 0.785, 1 pairs fall to F <= 1/2 | plan  4 pairs  9 repeaters
     decay, all pairs wait (pessimistic): published plan mean F 0.992 -> 0.693, 2 pairs fall to F <= 1/2 | decay-aware plan  4 pairs  9 repeaters, 0 rerouted, 2 re-widthed, regret 1.43 bits/pair

-- projected, T2 112 ms (measured)
   budget unlimited | published 18 pairs 47 repeaters, median storage/T2 0.48
     hard gate :  1 published pairs over T2 | plan 17 pairs 47 repeaters
     decay, one pair waits (optimistic): published mean F -> 0.627, 7 pairs fall to F <= 1/2 | plan 14 pairs 47 repeaters
     decay, all pairs wait (pessimistic): published plan mean F 0.980 -> 0.552, 13 pairs fall to F <= 1/2 | decay-aware plan  6 pairs 20 repeaters, 1 rerouted, 2 re-widthed, regret 2.33 bits/pair
   budget        20 | published 11 pairs 20 repeaters, median storage/T2 0.44
     hard gate :  0 published pairs over T2 | plan 11 pairs 20 repeaters
     decay, one pair waits (optimistic): published mean F -> 0.661, 3 pairs fall to F <= 1/2 | plan  9 pairs 20 repeaters
     decay, all pairs wait (pessimistic): published plan mean F 0.982 -> 0.588, 7 pairs fall to F <= 1/2 | decay-aware plan  6 pairs 20 repeaters, 1 rerouted, 3 re-widthed, regret 3.68 bits/pair
   budget        10 | published  5 pairs 10 repeaters, median storage/T2 0.12
     hard gate :  1 published pairs over T2 | plan  4 pairs  9 repeaters
     decay, one pair waits (optimistic): published mean F -> 0.795, 1 pairs fall to F <= 1/2 | plan  4 pairs  9 repeaters
     decay, all pairs wait (pessimistic): published plan mean F 0.992 -> 0.702, 2 pairs fall to F <= 1/2 | decay-aware plan  4 pairs  9 repeaters, 0 rerouted, 2 re-widthed, regret 1.86 bits/pair

==============================================================================
